[02:17:21] {"memopro": "0.1.0a1", "torch": "2.11.0+cu130", "transformers": "5.18.0", "gpu": {"name": "Tesla T4", "total_bytes": 15637086208, "capability": "7.5"}, "build_has": {"0085_quality_note": true, "0081_mps_heap_note": true, "0089_elastic_default": true, "0094_fixes": true, "0099_fixes": true, "0100_fixes": true, "0103_fixes": true, "0195_cuda_stream": true}}
[02:17:27] model microsoft/resnet-152 on Drive (6s)
[02:17:27] staged microsoft/resnet-152 to local disk (0.2 GiB, 1s)
[02:17:27] run vis_infer__resnet-152__plain
[02:17:45]   -> ok (18.0s)
[02:17:45] run vis_infer__resnet-152__memopro_60
[02:17:57]   -> ok (11.3s)
[02:17:57] run vis_infer__resnet-152__memopro_120
[02:18:07]   -> ok (10.4s)
[02:18:41] model facebook/dinov2-giant on Drive (34s)
[02:19:27] staged facebook/dinov2-giant to local disk (4.2 GiB, 46s)
[02:19:27] run vis_infer__dinov2-giant__plain
[02:20:06]   -> ok (38.4s)
[02:20:06] run vis_infer__dinov2-giant__memopro_1100
[02:20:20]   -> error (13.9s)
[02:20:20] run vis_infer__dinov2-giant__memopro_2200
[02:20:33]   -> error (12.9s)
[02:20:33] run vis_lora__dinov2-giant__plain
[02:21:22]   -> ok (49.8s)
[02:21:22] run vis_lora__dinov2-giant__memopro_1100
[02:21:36]   -> error (13.5s)
[02:21:36] run vis_lora__dinov2-giant__memopro_2200
[02:21:49]   -> error (12.9s)
